// Jest Snapshot v1, https://goo.gl/fbAQLP

exports[`Home should match snapshots 1`] = `ShallowWrapper {}`;
