// Jest Snapshot v1, https://goo.gl/fbAQLP

exports[`CardComponents cardComponents to render in order 1`] = `ShallowWrapper {}`;
