// Jest Snapshot v1, https://goo.gl/fbAQLP

exports[`App should render all components in order 1`] = `ShallowWrapper {}`;

exports[`App should render people route 1`] = `ShallowWrapper {}`;
